MPLINK 5.09, LINKER
Linker Map File - Created Thu Mar 26 14:27:49 2026

                                 Section Info
                  Section       Type    Address   Location Size(Bytes)
                ---------  ---------  ---------  ---------  ---------
                   .org_0       code   0x000000    program   0x000002
                   .cinit    romdata   0x000001    program   0x000004
                   .org_1       code   0x000004    program   0x000032
.config_2007_BUILD/DEFAULT/PRODUCTION/MAIN.O       code   0x002007    program   0x000002



                              Program Memory Usage 
                               Start         End      
                           ---------   ---------      
                            0x000000    0x000002      
                            0x000004    0x00001c      
                            0x002007    0x002007      
            29 out of 1094 program addresses used, program memory utilization is 2%



                              Symbols - Sorted by Name
                     Name    Address   Location    Storage File                     
                ---------  ---------  ---------  --------- ---------                
                    DELAY   0x000010    program     static C:\school\CPEG208\HW5.X\main.asm
                     LOOP   0x00000b    program     static C:\school\CPEG208\HW5.X\main.asm
                    LOOP1   0x000012    program     static C:\school\CPEG208\HW5.X\main.asm
                    LOOP2   0x000014    program     static C:\school\CPEG208\HW5.X\main.asm
                    LOOP3   0x000016    program     static C:\school\CPEG208\HW5.X\main.asm
                     MAIN   0x00000a    program     static C:\school\CPEG208\HW5.X\main.asm
                    SETUP   0x000005    program     static C:\school\CPEG208\HW5.X\main.asm



                              Symbols - Sorted by Address
                     Name    Address   Location    Storage File                     
                ---------  ---------  ---------  --------- ---------                
                    SETUP   0x000005    program     static C:\school\CPEG208\HW5.X\main.asm
                     MAIN   0x00000a    program     static C:\school\CPEG208\HW5.X\main.asm
                     LOOP   0x00000b    program     static C:\school\CPEG208\HW5.X\main.asm
                    DELAY   0x000010    program     static C:\school\CPEG208\HW5.X\main.asm
                    LOOP1   0x000012    program     static C:\school\CPEG208\HW5.X\main.asm
                    LOOP2   0x000014    program     static C:\school\CPEG208\HW5.X\main.asm
                    LOOP3   0x000016    program     static C:\school\CPEG208\HW5.X\main.asm


