MPLINK 5.09, LINKER
Linker Map File - Created Fri Apr 10 13:50:54 2026

                                 Section Info
                  Section       Type    Address   Location Size(Bytes)
                ---------  ---------  ---------  ---------  ---------
                   .org_0       code   0x000000    program   0x000002
                   .cinit    romdata   0x000001    program   0x000004
                   .org_1       code   0x000004    program   0x000042
.config_2007_BUILD/DEFAULT/PRODUCTION/MAIN.O       code   0x002007    program   0x000002



                              Program Memory Usage 
                               Start         End      
                           ---------   ---------      
                            0x000000    0x000002      
                            0x000004    0x000024      
                            0x002007    0x002007      
            37 out of 1094 program addresses used, program memory utilization is 3%



                              Symbols - Sorted by Name
                     Name    Address   Location    Storage File                     
                ---------  ---------  ---------  --------- ---------                
                       L1   0x00001a    program     static C:\school\CPEG208\HW7\HW7-3.X\MAIN.asm
                       L2   0x00001c    program     static C:\school\CPEG208\HW7\HW7-3.X\MAIN.asm
                       L3   0x00001e    program     static C:\school\CPEG208\HW7\HW7-3.X\MAIN.asm
                     MAIN   0x00000e    program     static C:\school\CPEG208\HW7\HW7-3.X\MAIN.asm
                   MINUTE   0x000012    program     static C:\school\CPEG208\HW7\HW7-3.X\MAIN.asm
                  MINUTE1   0x000014    program     static C:\school\CPEG208\HW7\HW7-3.X\MAIN.asm
                   SECOND   0x000018    program     static C:\school\CPEG208\HW7\HW7-3.X\MAIN.asm
                  SETPORT   0x000005    program     static C:\school\CPEG208\HW7\HW7-3.X\MAIN.asm
                    SETUP   0x00000c    program     static C:\school\CPEG208\HW7\HW7-3.X\MAIN.asm



                              Symbols - Sorted by Address
                     Name    Address   Location    Storage File                     
                ---------  ---------  ---------  --------- ---------                
                  SETPORT   0x000005    program     static C:\school\CPEG208\HW7\HW7-3.X\MAIN.asm
                    SETUP   0x00000c    program     static C:\school\CPEG208\HW7\HW7-3.X\MAIN.asm
                     MAIN   0x00000e    program     static C:\school\CPEG208\HW7\HW7-3.X\MAIN.asm
                   MINUTE   0x000012    program     static C:\school\CPEG208\HW7\HW7-3.X\MAIN.asm
                  MINUTE1   0x000014    program     static C:\school\CPEG208\HW7\HW7-3.X\MAIN.asm
                   SECOND   0x000018    program     static C:\school\CPEG208\HW7\HW7-3.X\MAIN.asm
                       L1   0x00001a    program     static C:\school\CPEG208\HW7\HW7-3.X\MAIN.asm
                       L2   0x00001c    program     static C:\school\CPEG208\HW7\HW7-3.X\MAIN.asm
                       L3   0x00001e    program     static C:\school\CPEG208\HW7\HW7-3.X\MAIN.asm


