MPLINK 5.09, LINKER
Linker Map File - Created Sun Apr 12 23:57:03 2026

                                 Section Info
                  Section       Type    Address   Location Size(Bytes)
                ---------  ---------  ---------  ---------  ---------
                   .org_0       code   0x000000    program   0x000002
                   .cinit    romdata   0x000001    program   0x000004
                   .org_1       code   0x000004    program   0x00003a
.config_2007_BUILD/DEFAULT/PRODUCTION/MAIN.O       code   0x002007    program   0x000002



                              Program Memory Usage 
                               Start         End      
                           ---------   ---------      
                            0x000000    0x000002      
                            0x000004    0x000020      
                            0x002007    0x002007      
            33 out of 1094 program addresses used, program memory utilization is 3%



                              Symbols - Sorted by Name
                     Name    Address   Location    Storage File                     
                ---------  ---------  ---------  --------- ---------                
                    GREEN   0x000017    program     static D:\school\CPEG208\HW7\HW7-4.X\MAIN.asm
               GREENLEDON   0x00001e    program     static D:\school\CPEG208\HW7\HW7-4.X\MAIN.asm
                     MAIN   0x000012    program     static D:\school\CPEG208\HW7\HW7-4.X\MAIN.asm
                      RED   0x000019    program     static D:\school\CPEG208\HW7\HW7-4.X\MAIN.asm
                 REDLEDON   0x00001b    program     static D:\school\CPEG208\HW7\HW7-4.X\MAIN.asm
                  SETPORT   0x000005    program     static D:\school\CPEG208\HW7\HW7-4.X\MAIN.asm
                    SETUP   0x00000b    program     static D:\school\CPEG208\HW7\HW7-4.X\MAIN.asm



                              Symbols - Sorted by Address
                     Name    Address   Location    Storage File                     
                ---------  ---------  ---------  --------- ---------                
                  SETPORT   0x000005    program     static D:\school\CPEG208\HW7\HW7-4.X\MAIN.asm
                    SETUP   0x00000b    program     static D:\school\CPEG208\HW7\HW7-4.X\MAIN.asm
                     MAIN   0x000012    program     static D:\school\CPEG208\HW7\HW7-4.X\MAIN.asm
                    GREEN   0x000017    program     static D:\school\CPEG208\HW7\HW7-4.X\MAIN.asm
                      RED   0x000019    program     static D:\school\CPEG208\HW7\HW7-4.X\MAIN.asm
                 REDLEDON   0x00001b    program     static D:\school\CPEG208\HW7\HW7-4.X\MAIN.asm
               GREENLEDON   0x00001e    program     static D:\school\CPEG208\HW7\HW7-4.X\MAIN.asm


