MPLINK 5.09, LINKER
Linker Map File - Created Tue Mar 03 10:17:42 2026

                                 Section Info
                  Section       Type    Address   Location Size(Bytes)
                ---------  ---------  ---------  ---------  ---------
                   .org_0       code   0x000000    program   0x000002
                   .cinit    romdata   0x000001    program   0x000004
                   .org_1       code   0x000004    program   0x00003c
.config_2007_BUILD/DEFAULT/DEBUG/MAIN.O       code   0x002007    program   0x000002



                              Program Memory Usage 
                               Start         End      
                           ---------   ---------      
                            0x000000    0x000002      
                            0x000004    0x000021      
                            0x002007    0x002007      
            34 out of 1094 program addresses used, program memory utilization is 3%



                              Symbols - Sorted by Name
                     Name    Address   Location    Storage File                     
                ---------  ---------  ---------  --------- ---------                
                     LOOP   0x00000c    program     static C:\school\CPEG208\lab3.X\main.asm
                    LOOP2   0x000017    program     static C:\school\CPEG208\lab3.X\main.asm
                    SETUP   0x000005    program     static C:\school\CPEG208\lab3.X\main.asm
             _.org_1_0021   0x000021    program     static C:\school\CPEG208\lab3.X\main.asm



                              Symbols - Sorted by Address
                     Name    Address   Location    Storage File                     
                ---------  ---------  ---------  --------- ---------                
                    SETUP   0x000005    program     static C:\school\CPEG208\lab3.X\main.asm
                     LOOP   0x00000c    program     static C:\school\CPEG208\lab3.X\main.asm
                    LOOP2   0x000017    program     static C:\school\CPEG208\lab3.X\main.asm
             _.org_1_0021   0x000021    program     static C:\school\CPEG208\lab3.X\main.asm


