MPLINK 5.09, LINKER
Linker Map File - Created Wed Mar 25 09:46:30 2026

                                 Section Info
                  Section       Type    Address   Location Size(Bytes)
                ---------  ---------  ---------  ---------  ---------
                   .org_0       code   0x000000    program   0x000002
                   .cinit    romdata   0x000001    program   0x000004
                   .org_1       code   0x000004    program   0x000040
.config_2007_BUILD/DEFAULT/PRODUCTION/MAIN.O       code   0x002007    program   0x000002



                              Program Memory Usage 
                               Start         End      
                           ---------   ---------      
                            0x000000    0x000002      
                            0x000004    0x000023      
                            0x002007    0x002007      
            36 out of 1094 program addresses used, program memory utilization is 3%



                              Symbols - Sorted by Name
                     Name    Address   Location    Storage File                     
                ---------  ---------  ---------  --------- ---------                
                        A   0x00000d    program     static C:\school\CPEG208\LAB4.X\Main.asm
                     MAIN   0x000005    program     static C:\school\CPEG208\LAB4.X\Main.asm
                    PA2_0   0x000012    program     static C:\school\CPEG208\LAB4.X\Main.asm
                    PA2_1   0x000015    program     static C:\school\CPEG208\LAB4.X\Main.asm
                  SETPORT   0x000007    program     static C:\school\CPEG208\LAB4.X\Main.asm
                   SET_00   0x000018    program     static C:\school\CPEG208\LAB4.X\Main.asm
                   SET_01   0x00001b    program     static C:\school\CPEG208\LAB4.X\Main.asm
                   SET_04   0x00001e    program     static C:\school\CPEG208\LAB4.X\Main.asm
                   SET_05   0x000021    program     static C:\school\CPEG208\LAB4.X\Main.asm



                              Symbols - Sorted by Address
                     Name    Address   Location    Storage File                     
                ---------  ---------  ---------  --------- ---------                
                     MAIN   0x000005    program     static C:\school\CPEG208\LAB4.X\Main.asm
                  SETPORT   0x000007    program     static C:\school\CPEG208\LAB4.X\Main.asm
                        A   0x00000d    program     static C:\school\CPEG208\LAB4.X\Main.asm
                    PA2_0   0x000012    program     static C:\school\CPEG208\LAB4.X\Main.asm
                    PA2_1   0x000015    program     static C:\school\CPEG208\LAB4.X\Main.asm
                   SET_00   0x000018    program     static C:\school\CPEG208\LAB4.X\Main.asm
                   SET_01   0x00001b    program     static C:\school\CPEG208\LAB4.X\Main.asm
                   SET_04   0x00001e    program     static C:\school\CPEG208\LAB4.X\Main.asm
                   SET_05   0x000021    program     static C:\school\CPEG208\LAB4.X\Main.asm


